============================================================
Zeno #795 collection run
Base commit: 339578b64dd1d1b51ee056c594f6fd29fb6c0fac
Started: 2026-09-16T06:17:35+00:00
Folder: /Users/gugu/Desktop/sogdian-zeno-795-mac-collector-339578b
Resume mode: existing successful files are reused; --refresh is NOT used.
============================================================
CATEGORY 795: observed 32 links; source=5; baseline=254
PAGINATION no_repeat_detected
388667 #388667 - S#1589, Central Asia, Turgesh, cash-like coin [1424, 728]
380830 #380830 - S#1585, Central Asia, Turgesh, cash-like coin of ruler Wahshutawa, rev. 元 Yuan [1459, 753]
377880 #377880 - Semirech'e, Suluk Khagan, Turgesh Confederation, 712-738 AD, AE, filed edges [1000, 518]
371668 #371668 - ruler Wahshutawa. Two coin-coin twins [1200, 1200]
354093 #354093 - Turgesh coin of ruler Wahshutawa, with "Yuan". [1293, 732]
354092 #354092 - Arslanids, bronze cash, Arslan Kul Erkin [1559, 773]
353451 #353451 - Semirech' e Turgesh cash [1227, 606]
339159 #339159 - S#1586 Central Asia, bronze cash, Turgesh's tamgha, runic character 'R' [1559, 790]
333336 #333336 - Semireche, Turgesh cash. AE. Tamgha or runic letter? [1448, 752]
329515 #329515 - Semirech'e Turgesh AE cash-like coin with additional tamghas. [1389, 707]
329314 #329314 - Semirech'e Turgesh heavy AE cash-like coin. [1389, 704]
329093 #329093 - Türgesh qaghan, 712?-737/8 [1535, 864]
265652 #265652 - Turgesh AE cash [1500, 770]
328571 #328571 - Semirech'e Turgesh AE cash-like coin. Big size. [1389, 725]
327162 #327162 - Semirech’e Turgesh AE [1920, 1056]
273093 #273093 - AE Turgesh coin [1026, 517]
328293 #328293 - Semirech’e Turgesh AE [1535, 891]
122116 #122116 - Turgesh Qaghante, AE, with add. tamga, [692, 343]
189830 #189830 - S#1586 Central Asia, bronze cash, Turgesh, Wahshutawa, m/a [1281, 661]
134041 #134041 - Semirech'e, Turgesh: Wahshutawa (8th c.) AE Cash (Kamyshev-21) [864, 435]
270411 #270411 - Semirechie, AE cash. Kamyshev # 38 [1258, 633]
209687 #209687 - Alp-taga, rev. w. Turgesh tamgha, Runic R and Chinese 元 [1904, 986]
223133 #223133 - SEMIRECH'E: Arslanid, 7th/8th century, AE imitative cash. [2384, 1182]
25614 #25614 - Arslan Bilge-qaghan [1193, 615]
301207 #301207 - Turgesh kaghanate, AE, king Inal-Tegin. [933, 445]
323048 #323048 - Semirech'e Arslanids AE cash-like coin. [1389, 700]
268891 #268891 - Arslan Bilge Qaghan, inverted legend [2380, 1156]
326444 #326444 - Hoard of two Turgesh AE Cash [1000, 879]
256514 #256514 - Semirech'e Turgesh seal "n'w(y) prn" [803, 807]
256515 #256515 - Semirech'e Turgesh seal, tamgha-like sign [630, 444]
223681 #223681 - Turgesh bronze face mask-object - ca 8th Century [396, 701]
327084 #327084 - Turgesh, Late period cast, Closed hole [4000, 2108]
MANIFEST /Users/gugu/Desktop/sogdian-zeno-795-mac-collector-339578b/research/zeno/manifest-795.json
Collector exit status: 0
============================================================
Zeno #795 recursive resume run
Base commit: 339578b64dd1d1b51ee056c594f6fd29fb6c0fac
Started: 2026-09-16T06:56:04+00:00
Folder: /Users/gugu/Desktop/sogdian-zeno-795-mac-resume-339578b
Resume mode: cached 32 detail pages/images are reused; --refresh is NOT used.
Collector scope: category #795 only, recursively through its category subtree.
============================================================
CATEGORY 795: direct observed 5; subtree observed 254; direct source=5; subtree source=254; baseline=254
CATEGORIES 27 PAGINATION no_repeat_detected
326444 #326444 - Hoard of two Turgesh AE Cash [1000, 879]
256514 #256514 - Semirech'e Turgesh seal "n'w(y) prn" [803, 807]
256515 #256515 - Semirech'e Turgesh seal, tamgha-like sign [630, 444]
223681 #223681 - Turgesh bronze face mask-object - ca 8th Century [396, 701]
327084 #327084 - Turgesh, Late period cast, Closed hole [4000, 2108]
236364 #236364 - AE Central Asia Turgesh's cash coins [1438, 712]
292688 #292688 - AE Central Asia Turgesh's cash coins [2482, 1256]
293230 #293230 - AE Central Asia Turgesh's cash coins [1594, 855]
307662 #307662 - AE Central Asia Turgesh's cash coins [923, 453]
307661 #307661 - AE Central Asia Turgesh's cash coins a stack of coins in the amount of 23 pieces [776, 591]
48339 #48339 - AE Turgesh coin [1260, 670]
48340 #48340 - AE Turgesh coin [1300, 689]
48341 #48341 - AE Turgesh coin [1260, 670]
48342 #48342 - AE Turgesh coin [1124, 591]
138822 #138822 - AE Turgesh coin [1205, 593]
138823 #138823 - AE Turgesh coin [1191, 597]
268477 #268477 - AE Turgesh coin [1242, 689]
268478 #268478 - AE Turgesh coin [936, 574]
268479 #268479 - AE Turgesh coin [1075, 574]
273095 #273095 - AE Turgesh coin [1191, 602]
273096 #273096 - AE Turgesh coin [1234, 632]
287761 #287761 - AE Turgesh coin [1525, 775]
131295 #131295 - Central Asia Turgesh's cash coins [1059, 1029]
218164 #218164 - Central Asia, Semirech'e, Türgesh kaghans in Semirech'e [2462, 1239]
218174 #218174 - Central Asia, Semirech'e, Türgesh kaghans in Semirech'e [2779, 1407]
246692 #246692 - Central Asia, Semirech'e, Türgesh kaghans in Semirech'e [2200, 1100]
229758 #229758 - Central Asia. (Sulu 蘇祿) Türgesh qaghan, 712?-737/8 [1323, 729]
208002 #208002 - S 1589. (Sulu 蘇祿) Türgesh qaghan, 712?-737/8 [2441, 1269]
219191 #219191 - S#1589, Central Asia, Turgesh, cash-like coin [1648, 828]
219192 #219192 - S#1589, Central Asia, Turgesh, cash-like coin [1706, 863]
219559 #219559 - S#1589, Central Asia, Turgesh, cash-like coin [1655, 834]
256607 #256607 - S#1589, Central Asia, Turgesh, cash-like coin [1544, 760]
280415 #280415 - S#1589, Central Asia, Turgesh, cash-like coin [1603, 795]
388667 #388667 - S#1589, Central Asia, Turgesh, cash-like coin [1424, 728]
33693 #33693 - S#1589, Central Asia, Turgesh, cash-like coin, m/a [1272, 630]
33694 #33694 - S#1589, Central Asia, Turgesh, cash-like coin, m/a [1270, 630]
189825 #189825 - S#1589, Central Asia, Turgesh, cash-like coin, m/a [1508, 757]
189826 #189826 - S#1589, Central Asia, Turgesh, cash-like coin, m/a [1572, 794]
189860 #189860 - S#1589, Central Asia, Turgesh, cash-like coin, m/a [1536, 789]
192869 #192869 - S#1589, Central Asia, Turgesh, cash-like coin, m/a [1533, 782]
192870 #192870 - S#1589, Central Asia, Turgesh, cash-like coin, m/a [1511, 777]
219560 #219560 - S#1589, Central Asia, Turgesh, cash-like coin, small [1489, 762]
280361 #280361 - S#1589, Central Asia, Turgesh, cash-like coin, small [1484, 737]
6315 #6315 - S1589 Central Asia AE coin, Turgesh [1197, 613]
6316 #6316 - S1589 Central Asia AE coin, Turgesh [1221, 627]
6317 #6317 - S1589 Central Asia AE coin, Turgesh [1211, 625]
1470 #1470 - S1589 Central Asia, Türgesh cash-like coin [584, 290]
1359 #1359 - S1589 Central Asia, Türgesh cash-like coin, XF [2341, 1217]
353451 #353451 - Semirech' e Turgesh cash [1227, 606]
256250 #256250 - Semirech'e Turgesh (Sulu 蘇祿) Türgesh qaghan, 712?-737/8 [1263, 647]
328571 #328571 - Semirech'e Turgesh AE cash-like coin. Big size. [1389, 725]
329314 #329314 - Semirech'e Turgesh heavy AE cash-like coin. [1389, 704]
198732 #198732 - Semirech'e, AE anonymous, narrow Türgesh tamgha. [1378, 704]
377880 #377880 - Semirech'e, Suluk Khagan, Turgesh Confederation, 712-738 AD, AE, filed edges [1000, 518]
71774 #71774 - Semirech'e, Turgesh AE cash [2441, 1206]
89783 #89783 - Semirech'e, Turgesh AE cash [770, 768]
112920 #112920 - Semirech'e, Turgesh AE cash [1280, 640]
75664 #75664 - Semirech'e, Turgesh cash [1105, 565]
185372 #185372 - Semirech'e, unknown khakan of Turgeshs, 1st half of 8th cent. AD., AE Cash-like Coin [1539, 752]
185373 #185373 - Semirech'e, unknown khakan of Turgeshs, 1st half of 8th cent. AD., AE Cash-like Coin, filed edges [1488, 736]
322582 #322582 - Semirech’e Turgesh AE cash-like coin [1000, 522]
322580 #322580 - Semirech’e Turgesh AE cash-like coin, heavy. Stolen [1000, 518]
322573 #322573 - Semirech’e Turgesh AE cash-like coin. Stolen [1000, 508]
110499 #110499 - Semireché, AE anonymous,round hole, Turgesh kaghan. [2500, 1250]
321852 #321852 - Semireche, Turgesh cash [1918, 1154]
321853 #321853 - Semireche, Turgesh cash [1920, 1098]
321947 #321947 - Semireche, Turgesh cash [1920, 1046]
321948 #321948 - Semireche, Turgesh cash [1918, 1034]
327159 #327159 - Semireche, Turgesh cash [1920, 988]
327160 #327160 - Semireche, Turgesh cash [1920, 1011]
327287 #327287 - Semireche, Turgesh cash [1920, 1015]
316983 #316983 - Semireche, Turgesh cash-like coin [2400, 1215]
333336 #333336 - Semireche, Turgesh cash. AE. Tamgha or runic letter? [1448, 752]
224990 #224990 - Semirechie, AE cash, Unknown Kaqan. [999, 634]
186447 #186447 - Sogdiana, Turgis coinage, c. 730 [683, 335]
308343 #308343 - Türgesh AE cash [488, 480]
21528 #21528 - Turgesh AE cash coin [926, 472]
68771 #68771 - Turgesh AE coin [1233, 628]
19519 #19519 - Turgesh cash [613, 313]
29494 #29494 - Turgesh cash [811, 403]
36039 #36039 - Türgesh cash-like AE coin [1804, 940]
239010 #239010 - Türgesh kaghans in Semirech'e [1280, 650]
327146 #327146 - Türgesh Khaganate of Semirech’e, anonymous (circa 704-766) [2907, 1456]
327147 #327147 - Türgesh Khaganate of Semirech’e, anonymous (circa 704-766) [3379, 1685]
243599 #243599 - Turgesh qaghan [1669, 838]
329093 #329093 - Türgesh qaghan, 712?-737/8 [1535, 864]
29463 #29463 - Turgiskhanate coin [881, 448]
29464 #29464 - Turgiskhanate coin [895, 448]
29465 #29465 - Turgiskhanate coin [895, 440]
29466 #29466 - Turgiskhanate coins [895, 452]
29467 #29467 - Turgiskhanate coins [887, 440]
29468 #29468 - Turgiskhanate coins [901, 440]
29469 #29469 - Turgiskhanate coins [902, 440]
29470 #29470 - Turgiskhanate coins [907, 448]
306590 #306590 - Unusual Semirech’e Turgesh AE cash-like coin [1000, 514]
167967 #167967 - AE Turgesh coin [800, 403]
273093 #273093 - AE Turgesh coin [1026, 517]
273094 #273094 - AE Turgesh coin [969, 513]
146051 #146051 - AE Turgesh coin, degraded cast [1000, 500]
327152 #327152 - Semirech’e Turgesh AE [1920, 1055]
327161 #327161 - Semirech’e Turgesh AE [1920, 1033]
327162 #327162 - Semirech’e Turgesh AE [1920, 1056]
43587 #43587 - Semirechie, unknown khakan of Turgeshs, 1st half of 8th cent. AD. [720, 358]
265653 #265653 - Turgesh AE cash [1900, 900]
194357 #194357 - Turgesh, cash-like coin [2316, 1227]
205150 #205150 - Undetermined Qaghan of the Türgesh [756, 372]
209188 #209188 - AE cash [1506, 817]
183993 #183993 - AE cash, Kyrgyzstan [2101, 1076]
48343 #48343 - AE Turgesh coin [945, 473]
326121 #326121 - One-sided Turgesh AE Cash (?), Obverse Script needs Reading [1653, 784]
195908 #195908 - Semirech´e one-sided [994, 519]
195911 #195911 - Semirech´e one-sided [934, 479]
195912 #195912 - Semirech´e one-sided [908, 438]
195913 #195913 - Semirech´e one-sided [967, 470]
195915 #195915 - Semirech´e one-sided [933, 461]
250621 #250621 - Semirech´e one-sided [2252, 1188]
253430 #253430 - Semirech´e one-sided [1685, 846]
185374 #185374 - Semirech'e, unknown khakan of Turgeshs, 1st half of 8th cent. AD., small cast uniface AE Cash-like Coin [1162, 515]
327153 #327153 - Semirech’e Turgesh AE [1920, 1065]
327154 #327154 - Semirech’e Turgesh AE [1920, 1022]
327156 #327156 - Semirech’e Turgesh AE [1920, 1071]
327179 #327179 - Semirech’e Turgesh AE [1920, 1022]
328293 #328293 - Semirech’e Turgesh AE [1535, 891]
190504 #190504 - Sogdiana, Semirech'e, unknown small bronze cash [1074, 581]
256606 #256606 - Sogdiana, Semirech'e, unknown small bronze cash [1141, 582]
327150 #327150 - Türgesh [1909, 1073]
265648 #265648 - Turgesh AE cash [2060, 1060]
265652 #265652 - Turgesh AE cash [1500, 770]
122194 #122194 - Turgesh, AE, one-sided. [1056, 532]
265650 #265650 - Turgesh, later type [1210, 650]
244241 #244241 - Non-legible legend or anepigraphic one-sided coin. [1328, 458]
195914 #195914 - Semirech´e one-sided [901, 433]
195916 #195916 - Semirech´e one-sided [684, 384]
195917 #195917 - Semirech´e one-sided [695, 359]
122116 #122116 - Turgesh Qaghante, AE, with add. tamga, [692, 343]
260161 #260161 - Central Asia, bronze cash, Turgesh's tamgha, runic character 'R' and ?? [1651, 816]
221032 #221032 - Central Asia, bronze cash, Turgesh's tamgha, runic character 'R' and prn [1704, 858]
259925 #259925 - Central Asia, bronze cash, Turgesh's tamgha, runic character 'R' and prn [1478, 733]
287783 #287783 - Central Asia, bronze cash, Turgesh's tamgha, runic character 'R' and prn [927, 469]
9305 #9305 - S1586 Central Asia AE coin, Turgesh's tamgha, runic character 'R' [613, 303]
1768 #1768 - S1586 Sogdiana Semirechie Turgesh [513, 265]
306589 #306589 - Semirech'e AE cash-like coin, Small size Turgesh's tamgha, runic character 'R' and prn [892, 463]
310413 #310413 - Semirech'e AE cash-like coin, Small size Turgesh's tamgha, runic character 'R' and prn [1564, 788]
329515 #329515 - Semirech'e Turgesh AE cash-like coin with additional tamghas. [1389, 707]
101716 #101716 - Semirech'e, Turgesh AE cash [1250, 617]
281909 #281909 - turgesh [929, 457]
192213 #192213 - Turgesh AE coin, "runic R"-tamgha [1632, 759]
270341 #270341 - Turgesh cash-like coin with Runic "R" and Soghdian word [4000, 2003]
39562 #39562 - Turgesh cash-like coin with Runic "R" and Soghdian word. [1880, 1000]
163465 #163465 - What's ruler? [1600, 804]
64323 #64323 - AE coin, Turgesh kaghanate. [1389, 680]
281908 #281908 - Big Turgesh [941, 449]
265922 #265922 - S#1588 Central Asia, bronze cash, Turgesh's tamgha, runic character 'R', heavy [1783, 872]
189827 #189827 - S#1588 Central Asia, bronze cash, Turgesh's tamgha, runic character 'R', heavy, m/a [1601, 818]
189828 #189828 - S#1588 Central Asia, bronze cash, Turgesh's tamgha, runic character 'R', heavy, m/a [1701, 853]
9955 #9955 - S1588 Turgesh AE coin, "runic R"-tamgha [602, 315]
197707 #197707 - S1588, Turgesh AE cash, Additional "runic R"-tamgha, mnγ [2697, 1357]
240151 #240151 - Semirechie, AE big Cash, Kam. #23. [934, 479]
315547 #315547 - Turgesh AE coin, "runic R"-tamgha [956, 486]
138294 #138294 - Turgesh AE coin, "runic R"-tamgha [1386, 721]
298678 #298678 - Turgesh AE coin, "runic R"-tamgha [939, 452]
239181 #239181 - Semirech'e Turgesh AE cash [1024, 513]
308246 #308246 - Semirech'e Turgesh AE cash [936, 482]
315546 #315546 - Semirech'e Turgesh AE cash [956, 512]
281913 #281913 - turgesh [942, 439]
139994 #139994 - Turgesh AE cash [1280, 616]
48344 #48344 - AE Turgesh coin with "R"-tamgha [985, 512]
189862 #189862 - K#30 Central Asia, bronze cash, Turgesh's tamgha, runic character 'R', m/a [1350, 640]
1767 #1767 - K30 Semirech'e AE coin [500, 253]
3506 #3506 - K30 Semirechie AE coin [576, 278]
1766 #1766 - K30, possibly unpublished location of runic letter "R" [506, 250]
124650 #124650 - Turgesh coin with tamgha and additional runic letter ‘R' [1546, 774]
122146 #122146 - Turgesh Khanate Semirich'e AE Unit [751, 383]
42008 #42008 - Turgesh Rev.runic [1006, 548]
371668 #371668 - ruler Wahshutawa. Two coin-coin twins [1200, 1200]
219750 #219750 - S#1585, Central Asia, Turgesh, cash-like coin of ruler Wahshutawa, rev. 元 Yuan [1621, 814]
231600 #231600 - S#1585, Central Asia, Turgesh, cash-like coin of ruler Wahshutawa, rev. 元 Yuan [1535, 777]
380830 #380830 - S#1585, Central Asia, Turgesh, cash-like coin of ruler Wahshutawa, rev. 元 Yuan [1459, 753]
14 #14 - S1585 AE Semirechie Vahshutava RRR [835, 421]
12058 #12058 - S1585 Turgesh AE coin, "runic R"-tamgha, word 'Yuan' [680, 339]
134041 #134041 - Semirech'e, Turgesh: Wahshutawa (8th c.) AE Cash (Kamyshev-21) [864, 435]
131703 #131703 - Semireché, AE, ruler Vahshutava. [1156, 591]
146049 #146049 - Semireché, Vahshutava [1000, 500]
14279 #14279 - Turgesh AE coin, "runic R"-tamgha, character "Yuan" [1344, 704]
29519 #29519 - Turgesh AE coin, "runic R"-tamgha, character "Yuan" [804, 408]
152380 #152380 - Turgesh AE, Vahshutava. [916, 472]
354093 #354093 - Turgesh coin of ruler Wahshutawa, with "Yuan". [1293, 732]
76172 #76172 - Turgesh coin of ruler Wahshutawa, with "Yuan" [1178, 598]
48459 #48459 - Turgesh coin of ruler Wahshutawa, with "Yuan". [1163, 605]
37836 #37836 - Tyurgesh coin of ruler Wahshutawa, with "Yuan". [1784, 924]
189830 #189830 - S#1586 Central Asia, bronze cash, Turgesh, Wahshutawa, m/a [1281, 661]
164374 #164374 - S1586 Sogdiana Semirechie Turgesh [1299, 693]
270411 #270411 - Semirechie, AE cash. Kamyshev # 38 [1258, 633]
141054 #141054 - Turgesh, AE, King Vahshutava. [1104, 552]
209778 #209778 - Turgesh's tamgha, runic character 'R'. Small [1918, 971]
37818 #37818 - Tyurgesh coin of ruler Wahshutawa, with Soghdian word. [1524, 824]
258296 #258296 - Wahshutawa [1888, 932]
209687 #209687 - Alp-taga, rev. w. Turgesh tamgha, Runic R and Chinese 元 [1904, 986]
137536 #137536 - Arslanid AR seal, Lion and tamgha [1875, 619]
223133 #223133 - SEMIRECH'E: Arslanid, 7th/8th century, AE imitative cash. [2384, 1182]
219315 #219315 - Semirechie, AE, Arslanid imitation? [905, 454]
25614 #25614 - Arslan Bilge-qaghan [1193, 615]
121668 #121668 - Arslands King Arslan Kul-Yirkin [1080, 550]
52720 #52720 - Arslanid AE cash [1276, 645]
245254 #245254 - Arslanid, Kul Erkin [1280, 646]
245255 #245255 - Arslanid, Kul Erkin [1280, 646]
245256 #245256 - Arslanid, Kul Erkin [1280, 646]
245258 #245258 - Arslanid, Kul Erkin [1280, 646]
245253 #245253 - Arslanids, Arslan Kul Erkin [1280, 646]
122190 #122190 - Arslanids, AE, Arslan Kul-Yirkin. [1498, 738]
223313 #223313 - Arslanids, bronze cash, Arslan Kul Erkin [1555, 768]
245065 #245065 - Arslanids, bronze cash, Arslan Kul Erkin [1616, 786]
256580 #256580 - Arslanids, bronze cash, Arslan Kul Erkin [1562, 790]
287779 #287779 - Arslanids, bronze cash, Arslan Kul Erkin [957, 474]
354092 #354092 - Arslanids, bronze cash, Arslan Kul Erkin [1559, 773]
5956 #5956 - Central Asia, bronze coin, Turgesh/Arslanid [2401, 1205]
121305 #121305 - Central Asia, Semirech'e, bronze coin, Turgesh/Arslanid [1252, 605]
223140 #223140 - Kam-45, SEMIRECH'E: AE cash, Arslan Kul Erkin. [1500, 750]
130128 #130128 - Semirech'e AE cash-like coin, Arslands King Arslan Kul-Yirkin. [1546, 760]
198734 #198734 - Semirech'e, AE, King Arslan Kul-Yirkin. [1688, 843]
216063 #216063 - SEMIRECH'E, Arslanid, AE cash, Kul Erkin. [2407, 1194]
324401 #324401 - Arslan Irkin, Turgesh's tamgha, runic character 'R' [1600, 806]
197475 #197475 - Arslan Irkin, Turgesh's tamgha, runic character 'R' [2273, 1197]
52721 #52721 - Arslanid AE cash [1267, 657]
193071 #193071 - S#1586 Central Asia, bronze cash, Turgesh's tamgha, runic character 'R' [1297, 660]
209434 #209434 - S#1586 Central Asia, bronze cash, Turgesh's tamgha, runic character 'R' [1559, 787]
339159 #339159 - S#1586 Central Asia, bronze cash, Turgesh's tamgha, runic character 'R' [1559, 790]
5955 #5955 - S1586 Central Asia, bronze coin, Turgesh [2489, 1261]
20696 #20696 - Turgesh kaghanate, AE, king Inal-Tegin. [861, 420]
298439 #298439 - Turgesh kaghanate, AE, king Inal-Tegin. [883, 423]
301207 #301207 - Turgesh kaghanate, AE, king Inal-Tegin. [933, 445]
258297 #258297 - Arslan Irkin, inverted legend [1998, 876]
52722 #52722 - Arslanid AE cash [901, 472]
5957 #5957 - Central Asia, bronze coin, Turgesh [1605, 835]
1740 #1740 - K37 Semirechie, Turgesh's AE coin [454, 226]
193070 #193070 - S#1586 Central Asia, bronze cash, Turgesh's tamgha, runic character 'R', light [1181, 640]
126089 #126089 - Semirech'e, Arslanid imitation of Kai Yuan TB. [852, 437]
319237 #319237 - Semirech'e, Arslanids AE, Arslan Bilge Qaghan. [2000, 991]
225720 #225720 - Semirechie, Arslanides bronze cash, Arslan Bilge Kaghan. [1443, 687]
224044 #224044 - Semirechie, Arslanides bronze cash, Arslan Bilge Kaghan. [1554, 767]
218184 #218184 - Semirech'e, Ashina dynasty, Bilge Qagan. [2603, 1335]
122191 #122191 - Arslanid AE coin. [1522, 743]
22477 #22477 - Semireché, AE, Arslan Bilge Kaghan. [1194, 570]
5196 #5196 - Central Asia, bronze coin, Arslanid [1165, 585]
3502 #3502 - Semirechie Arslanid [504, 270]
1741 #1741 - Central Asia, Arslanid's AE coin [1163, 534]
1033 #1033 - Semirechie - Arslanids [648, 443]
268891 #268891 - Arslan Bilge Qaghan, inverted legend [2380, 1156]
1742 #1742 - Central Asia, Arslanid's AE coin [1161, 520]
144100 #144100 - Central Asia, Arslanid's AE coin [1024, 512]
223139 #223139 - Kam-47, SEMIRECH'E, AE cash, Arlsan Bilge Qaghan [1500, 744]
323048 #323048 - Semirech'e Arslanids AE cash-like coin. [1389, 700]
198733 #198733 - Semirech'e, AE, Arslan Bilge Kaghan. [1253, 657]
294294 #294294 - Semirechie, Arslanides bronze cash, Arslan Bilge Kaghan, retrograde legend [1345, 650]
MANIFEST /Users/gugu/Desktop/sogdian-zeno-795-mac-resume-339578b/research/zeno/manifest-795.json
Collector exit status: 0
